// Jest Snapshot v1, https://goo.gl/fbAQLP

exports[`Snapshot 1`] = `
Object {
  "Parameters": Object {
    "BootstrapVersion": Object {
      "Default": "/cdk-bootstrap/hnb659fds/version",
      "Description": "Version of the CDK Bootstrap resources in this environment, automatically retrieved from SSM Parameter Store. [cdk:skip]",
      "Type": "AWS::SSM::Parameter::Value<String>",
    },
  },
  "Resources": Object {
    "DevVpcNestedStackDevVpcNestedStackResource7478DE5D": Object {
      "DeletionPolicy": "Delete",
      "DependsOn": Array [
        "TgwConstructNestedStackTgwConstructNestedStackResourceBDDD946A",
      ],
      "Properties": Object {
        "Tags": Array [
          Object {
            "Key": "cz-ext1",
            "Value": " ",
          },
          Object {
            "Key": "cz-ext2",
            "Value": " ",
          },
          Object {
            "Key": "cz-ext3",
            "Value": " ",
          },
          Object {
            "Key": "cz-org",
            "Value": "skcnc",
          },
          Object {
            "Key": "cz-project",
            "Value": "network",
          },
          Object {
            "Key": "cz-stage",
            "Value": "dev",
          },
        ],
        "TemplateURL": Object {
          "Fn::Join": Array [
            "",
            Array [
              "https://s3.ap-northeast-2.",
              Object {
                "Ref": "AWS::URLSuffix",
              },
              "/cdk-hnb659fds-assets-037729278610-ap-northeast-2/f92c1442c6d1ea62635daee6490d19bb5a41c55a0580f86eb9a4db0b96632dfa.json",
            ],
          ],
        },
      },
      "Type": "AWS::CloudFormation::Stack",
      "UpdateReplacePolicy": "Delete",
    },
    "DmzVPCNestedStackDmzVPCNestedStackResource6D61C35C": Object {
      "DeletionPolicy": "Delete",
      "DependsOn": Array [
        "TgwConstructNestedStackTgwConstructNestedStackResourceBDDD946A",
      ],
      "Properties": Object {
        "Tags": Array [
          Object {
            "Key": "cz-ext1",
            "Value": " ",
          },
          Object {
            "Key": "cz-ext2",
            "Value": " ",
          },
          Object {
            "Key": "cz-ext3",
            "Value": " ",
          },
          Object {
            "Key": "cz-org",
            "Value": "skcnc",
          },
          Object {
            "Key": "cz-project",
            "Value": "network",
          },
          Object {
            "Key": "cz-stage",
            "Value": "dmz",
          },
        ],
        "TemplateURL": Object {
          "Fn::Join": Array [
            "",
            Array [
              "https://s3.ap-northeast-2.",
              Object {
                "Ref": "AWS::URLSuffix",
              },
              "/cdk-hnb659fds-assets-037729278610-ap-northeast-2/25331edf212a1573e0bbac7b90d4ac112fdb5dca2f09853edbc608b04969c600.json",
            ],
          ],
        },
      },
      "Type": "AWS::CloudFormation::Stack",
      "UpdateReplacePolicy": "Delete",
    },
    "SharedVpcNestedStackSharedVpcNestedStackResource28D5D41B": Object {
      "DeletionPolicy": "Delete",
      "DependsOn": Array [
        "TgwConstructNestedStackTgwConstructNestedStackResourceBDDD946A",
      ],
      "Properties": Object {
        "Tags": Array [
          Object {
            "Key": "cz-ext1",
            "Value": " ",
          },
          Object {
            "Key": "cz-ext2",
            "Value": " ",
          },
          Object {
            "Key": "cz-ext3",
            "Value": " ",
          },
          Object {
            "Key": "cz-org",
            "Value": "skcnc",
          },
          Object {
            "Key": "cz-project",
            "Value": "network",
          },
          Object {
            "Key": "cz-stage",
            "Value": "shared",
          },
        ],
        "TemplateURL": Object {
          "Fn::Join": Array [
            "",
            Array [
              "https://s3.ap-northeast-2.",
              Object {
                "Ref": "AWS::URLSuffix",
              },
              "/cdk-hnb659fds-assets-037729278610-ap-northeast-2/626dc0a57ce1c786e0f8061b920b2a02e08e21b4f16becdce3cbdbd03a2ae584.json",
            ],
          ],
        },
      },
      "Type": "AWS::CloudFormation::Stack",
      "UpdateReplacePolicy": "Delete",
    },
    "TgwConstructNestedStackTgwConstructNestedStackResourceBDDD946A": Object {
      "DeletionPolicy": "Delete",
      "Properties": Object {
        "TemplateURL": Object {
          "Fn::Join": Array [
            "",
            Array [
              "https://s3.ap-northeast-2.",
              Object {
                "Ref": "AWS::URLSuffix",
              },
              "/cdk-hnb659fds-assets-037729278610-ap-northeast-2/072d985dbe7c88448fca3f4b2ef4dc255a54b7ab7cdde31f2ef20a4b918fbb18.json",
            ],
          ],
        },
      },
      "Type": "AWS::CloudFormation::Stack",
      "UpdateReplacePolicy": "Delete",
    },
  },
  "Rules": Object {
    "CheckBootstrapVersion": Object {
      "Assertions": Array [
        Object {
          "Assert": Object {
            "Fn::Not": Array [
              Object {
                "Fn::Contains": Array [
                  Array [
                    "1",
                    "2",
                    "3",
                    "4",
                    "5",
                  ],
                  Object {
                    "Ref": "BootstrapVersion",
                  },
                ],
              },
            ],
          },
          "AssertDescription": "CDK bootstrap stack version 6 required. Please run 'cdk bootstrap' with a recent version of the CDK CLI.",
        },
      ],
    },
  },
}
`;
