// Jest Snapshot v1, https://goo.gl/fbAQLP

exports[`Snapshot 1`] = `
Object {
  "Parameters": Object {
    "BootstrapVersion": Object {
      "Default": "/cdk-bootstrap/hnb659fds/version",
      "Description": "Version of the CDK Bootstrap resources in this environment, automatically retrieved from SSM Parameter Store. [cdk:skip]",
      "Type": "AWS::SSM::Parameter::Value<String>",
    },
  },
  "Resources": Object {
    "TgwConstructNestedStackTgwConstructNestedStackResourceBDDD946A": Object {
      "DeletionPolicy": "Delete",
      "Properties": Object {
        "TemplateURL": Object {
          "Fn::Join": Array [
            "",
            Array [
              "https://s3.ap-northeast-2.",
              Object {
                "Ref": "AWS::URLSuffix",
              },
              "/cdk-hnb659fds-assets-037729278610-ap-northeast-2/072d985dbe7c88448fca3f4b2ef4dc255a54b7ab7cdde31f2ef20a4b918fbb18.json",
            ],
          ],
        },
      },
      "Type": "AWS::CloudFormation::Stack",
      "UpdateReplacePolicy": "Delete",
    },
    "devVPCNestedStackdevVPCNestedStackResourceB9EA84ED": Object {
      "DeletionPolicy": "Delete",
      "DependsOn": Array [
        "TgwConstructNestedStackTgwConstructNestedStackResourceBDDD946A",
      ],
      "Properties": Object {
        "Tags": Array [
          Object {
            "Key": "cz-ext1",
            "Value": " ",
          },
          Object {
            "Key": "cz-ext2",
            "Value": " ",
          },
          Object {
            "Key": "cz-ext3",
            "Value": " ",
          },
          Object {
            "Key": "cz-org",
            "Value": "skcnc",
          },
          Object {
            "Key": "cz-project",
            "Value": "network",
          },
          Object {
            "Key": "cz-stage",
            "Value": "dev",
          },
        ],
        "TemplateURL": Object {
          "Fn::Join": Array [
            "",
            Array [
              "https://s3.ap-northeast-2.",
              Object {
                "Ref": "AWS::URLSuffix",
              },
              "/cdk-hnb659fds-assets-037729278610-ap-northeast-2/58c544efc31e9bdf1741b98e3c01a20e0e1b376b28ff3d1adbbb4fe42b4da5a4.json",
            ],
          ],
        },
      },
      "Type": "AWS::CloudFormation::Stack",
      "UpdateReplacePolicy": "Delete",
    },
    "dmzVPCNestedStackdmzVPCNestedStackResourceEA3176A0": Object {
      "DeletionPolicy": "Delete",
      "DependsOn": Array [
        "TgwConstructNestedStackTgwConstructNestedStackResourceBDDD946A",
      ],
      "Properties": Object {
        "Tags": Array [
          Object {
            "Key": "cz-ext1",
            "Value": " ",
          },
          Object {
            "Key": "cz-ext2",
            "Value": " ",
          },
          Object {
            "Key": "cz-ext3",
            "Value": " ",
          },
          Object {
            "Key": "cz-org",
            "Value": "skcnc",
          },
          Object {
            "Key": "cz-project",
            "Value": "network",
          },
          Object {
            "Key": "cz-stage",
            "Value": "dmz",
          },
        ],
        "TemplateURL": Object {
          "Fn::Join": Array [
            "",
            Array [
              "https://s3.ap-northeast-2.",
              Object {
                "Ref": "AWS::URLSuffix",
              },
              "/cdk-hnb659fds-assets-037729278610-ap-northeast-2/6bc7db0f91ba7b10a3412c49ee6e91ceea2c08f0bef0b402899b69e76c606cac.json",
            ],
          ],
        },
      },
      "Type": "AWS::CloudFormation::Stack",
      "UpdateReplacePolicy": "Delete",
    },
    "prodVPCNestedStackprodVPCNestedStackResourceE39F00DE": Object {
      "DeletionPolicy": "Delete",
      "DependsOn": Array [
        "TgwConstructNestedStackTgwConstructNestedStackResourceBDDD946A",
      ],
      "Properties": Object {
        "Tags": Array [
          Object {
            "Key": "cz-ext1",
            "Value": " ",
          },
          Object {
            "Key": "cz-ext2",
            "Value": " ",
          },
          Object {
            "Key": "cz-ext3",
            "Value": " ",
          },
          Object {
            "Key": "cz-org",
            "Value": "skcnc",
          },
          Object {
            "Key": "cz-project",
            "Value": "network",
          },
          Object {
            "Key": "cz-stage",
            "Value": "prod",
          },
        ],
        "TemplateURL": Object {
          "Fn::Join": Array [
            "",
            Array [
              "https://s3.ap-northeast-2.",
              Object {
                "Ref": "AWS::URLSuffix",
              },
              "/cdk-hnb659fds-assets-037729278610-ap-northeast-2/55f172eb0dad53412ece4cfcc7546639b15ecd4433e631c943875f61e028f84c.json",
            ],
          ],
        },
      },
      "Type": "AWS::CloudFormation::Stack",
      "UpdateReplacePolicy": "Delete",
    },
    "sharedVPCNestedStacksharedVPCNestedStackResourceCBD4FBE9": Object {
      "DeletionPolicy": "Delete",
      "DependsOn": Array [
        "TgwConstructNestedStackTgwConstructNestedStackResourceBDDD946A",
      ],
      "Properties": Object {
        "Tags": Array [
          Object {
            "Key": "cz-ext1",
            "Value": " ",
          },
          Object {
            "Key": "cz-ext2",
            "Value": " ",
          },
          Object {
            "Key": "cz-ext3",
            "Value": " ",
          },
          Object {
            "Key": "cz-org",
            "Value": "skcnc",
          },
          Object {
            "Key": "cz-project",
            "Value": "network",
          },
          Object {
            "Key": "cz-stage",
            "Value": "shared",
          },
        ],
        "TemplateURL": Object {
          "Fn::Join": Array [
            "",
            Array [
              "https://s3.ap-northeast-2.",
              Object {
                "Ref": "AWS::URLSuffix",
              },
              "/cdk-hnb659fds-assets-037729278610-ap-northeast-2/d44a8c00a4e2c0c1bf9e51817c336d592e192fb5f2c79377f9f0efd37af0bf81.json",
            ],
          ],
        },
      },
      "Type": "AWS::CloudFormation::Stack",
      "UpdateReplacePolicy": "Delete",
    },
  },
  "Rules": Object {
    "CheckBootstrapVersion": Object {
      "Assertions": Array [
        Object {
          "Assert": Object {
            "Fn::Not": Array [
              Object {
                "Fn::Contains": Array [
                  Array [
                    "1",
                    "2",
                    "3",
                    "4",
                    "5",
                  ],
                  Object {
                    "Ref": "BootstrapVersion",
                  },
                ],
              },
            ],
          },
          "AssertDescription": "CDK bootstrap stack version 6 required. Please run 'cdk bootstrap' with a recent version of the CDK CLI.",
        },
      ],
    },
  },
}
`;
