// Jest Snapshot v1, https://goo.gl/fbAQLP

exports[`Snapshot 1`] = `
Object {
  "Parameters": Object {
    "BootstrapVersion": Object {
      "Default": "/cdk-bootstrap/hnb659fds/version",
      "Description": "Version of the CDK Bootstrap resources in this environment, automatically retrieved from SSM Parameter Store. [cdk:skip]",
      "Type": "AWS::SSM::Parameter::Value<String>",
    },
  },
  "Resources": Object {
    "TgwConstructNestedStackTgwConstructNestedStackResourceBDDD946A": Object {
      "DeletionPolicy": "Delete",
      "Properties": Object {
        "TemplateURL": Object {
          "Fn::Join": Array [
            "",
            Array [
              "https://s3.ap-northeast-2.",
              Object {
                "Ref": "AWS::URLSuffix",
              },
              "/cdk-hnb659fds-assets-037729278610-ap-northeast-2/072d985dbe7c88448fca3f4b2ef4dc255a54b7ab7cdde31f2ef20a4b918fbb18.json",
            ],
          ],
        },
      },
      "Type": "AWS::CloudFormation::Stack",
      "UpdateReplacePolicy": "Delete",
    },
    "devVPCNestedStackdevVPCNestedStackResourceB9EA84ED": Object {
      "DeletionPolicy": "Delete",
      "DependsOn": Array [
        "TgwConstructNestedStackTgwConstructNestedStackResourceBDDD946A",
      ],
      "Properties": Object {
        "Tags": Array [
          Object {
            "Key": "cz-ext1",
            "Value": " ",
          },
          Object {
            "Key": "cz-ext2",
            "Value": " ",
          },
          Object {
            "Key": "cz-ext3",
            "Value": " ",
          },
          Object {
            "Key": "cz-org",
            "Value": "skcnc",
          },
          Object {
            "Key": "cz-project",
            "Value": "network",
          },
          Object {
            "Key": "cz-stage",
            "Value": "dev",
          },
        ],
        "TemplateURL": Object {
          "Fn::Join": Array [
            "",
            Array [
              "https://s3.ap-northeast-2.",
              Object {
                "Ref": "AWS::URLSuffix",
              },
              "/cdk-hnb659fds-assets-037729278610-ap-northeast-2/43e2e928ed7c3a35ea21e7633fe2a5119621d1373ccfabab8ff62ed1fcdb978f.json",
            ],
          ],
        },
      },
      "Type": "AWS::CloudFormation::Stack",
      "UpdateReplacePolicy": "Delete",
    },
    "dmzVPCNestedStackdmzVPCNestedStackResourceEA3176A0": Object {
      "DeletionPolicy": "Delete",
      "DependsOn": Array [
        "TgwConstructNestedStackTgwConstructNestedStackResourceBDDD946A",
      ],
      "Properties": Object {
        "Tags": Array [
          Object {
            "Key": "cz-ext1",
            "Value": " ",
          },
          Object {
            "Key": "cz-ext2",
            "Value": " ",
          },
          Object {
            "Key": "cz-ext3",
            "Value": " ",
          },
          Object {
            "Key": "cz-org",
            "Value": "skcnc",
          },
          Object {
            "Key": "cz-project",
            "Value": "network",
          },
          Object {
            "Key": "cz-stage",
            "Value": "dmz",
          },
        ],
        "TemplateURL": Object {
          "Fn::Join": Array [
            "",
            Array [
              "https://s3.ap-northeast-2.",
              Object {
                "Ref": "AWS::URLSuffix",
              },
              "/cdk-hnb659fds-assets-037729278610-ap-northeast-2/9ea7778ba96d61f4d5dc9381698f9c2989946e308ec2b32a8568a2f929946fed.json",
            ],
          ],
        },
      },
      "Type": "AWS::CloudFormation::Stack",
      "UpdateReplacePolicy": "Delete",
    },
    "sharedVPCNestedStacksharedVPCNestedStackResourceCBD4FBE9": Object {
      "DeletionPolicy": "Delete",
      "DependsOn": Array [
        "TgwConstructNestedStackTgwConstructNestedStackResourceBDDD946A",
      ],
      "Properties": Object {
        "Tags": Array [
          Object {
            "Key": "cz-ext1",
            "Value": " ",
          },
          Object {
            "Key": "cz-ext2",
            "Value": " ",
          },
          Object {
            "Key": "cz-ext3",
            "Value": " ",
          },
          Object {
            "Key": "cz-org",
            "Value": "skcnc",
          },
          Object {
            "Key": "cz-project",
            "Value": "network",
          },
          Object {
            "Key": "cz-stage",
            "Value": "shared",
          },
        ],
        "TemplateURL": Object {
          "Fn::Join": Array [
            "",
            Array [
              "https://s3.ap-northeast-2.",
              Object {
                "Ref": "AWS::URLSuffix",
              },
              "/cdk-hnb659fds-assets-037729278610-ap-northeast-2/ceb49e7ad47f6076caf37ea7e9e92785a8c40e3a766918033dc6e68e388a9041.json",
            ],
          ],
        },
      },
      "Type": "AWS::CloudFormation::Stack",
      "UpdateReplacePolicy": "Delete",
    },
  },
  "Rules": Object {
    "CheckBootstrapVersion": Object {
      "Assertions": Array [
        Object {
          "Assert": Object {
            "Fn::Not": Array [
              Object {
                "Fn::Contains": Array [
                  Array [
                    "1",
                    "2",
                    "3",
                    "4",
                    "5",
                  ],
                  Object {
                    "Ref": "BootstrapVersion",
                  },
                ],
              },
            ],
          },
          "AssertDescription": "CDK bootstrap stack version 6 required. Please run 'cdk bootstrap' with a recent version of the CDK CLI.",
        },
      ],
    },
  },
}
`;
